// Jest Snapshot v1, https://goo.gl/fbAQLP

exports[`GetExpenses.ts should be true 1`] = `
Object {
  "data": Object {
    "getExpenses": Array [
      Object {
        "__typename": "GetExpensesResult",
        "date": "2020-08-30T03:44:36.174Z",
        "description": "bought a light for scop",
        "name": "Light",
        "price": 22,
      },
      Object {
        "__typename": "GetExpensesResult",
        "date": "2020-08-30T03:44:36.174Z",
        "description": "bought a light for scop",
        "name": "Light",
        "price": 22,
      },
      Object {
        "__typename": "GetExpensesResult",
        "date": "2020-08-30T03:44:36.174Z",
        "description": "bought Copy",
        "name": "item",
        "price": 22,
      },
      Object {
        "__typename": "GetExpensesResult",
        "date": "2020-08-30T03:44:36.174Z",
        "description": "bought exposed",
        "name": "daraz",
        "price": 212,
      },
      Object {
        "__typename": "GetExpensesResult",
        "date": "2020-08-30T03:44:36.174Z",
        "description": "bought exposed",
        "name": "daraz",
        "price": 212,
      },
      Object {
        "__typename": "GetExpensesResult",
        "date": "2020-08-30T03:44:36.174Z",
        "description": "bought exposed",
        "name": "daraz",
        "price": 212,
      },
      Object {
        "__typename": "GetExpensesResult",
        "date": "2020-08-30T03:44:36.174Z",
        "description": "bought exposed",
        "name": "daraz",
        "price": 212,
      },
      Object {
        "__typename": "GetExpensesResult",
        "date": "2020-08-30T03:44:36.174Z",
        "description": "bought exposed",
        "name": "daraz",
        "price": 212,
      },
      Object {
        "__typename": "GetExpensesResult",
        "date": "2020-08-30T03:44:36.174Z",
        "description": "bought exposed",
        "name": "daraz",
        "price": 212,
      },
      Object {
        "__typename": "GetExpensesResult",
        "date": "2020-08-30T03:44:36.174Z",
        "description": "bought exposed",
        "name": "daraz",
        "price": 212,
      },
      Object {
        "__typename": "GetExpensesResult",
        "date": "2020-08-30T03:44:36.174Z",
        "description": "bought exposed",
        "name": "daraz",
        "price": 212,
      },
      Object {
        "__typename": "GetExpensesResult",
        "date": "2020-08-30T03:44:36.174Z",
        "description": "bought exposed",
        "name": "daraz",
        "price": 212,
      },
      Object {
        "__typename": "GetExpensesResult",
        "date": "2020-08-30T03:44:36.174Z",
        "description": "bought exposed",
        "name": "daraz",
        "price": 212,
      },
      Object {
        "__typename": "GetExpensesResult",
        "date": "2020-08-30T03:44:36.174Z",
        "description": "bought exposed",
        "name": "daraz",
        "price": 212,
      },
      Object {
        "__typename": "GetExpensesResult",
        "date": "2020-08-30T03:44:36.174Z",
        "description": "bought exposed",
        "name": "daraz",
        "price": 212,
      },
      Object {
        "__typename": "GetExpensesResult",
        "date": "2020-08-30T03:44:36.174Z",
        "description": "bought exposed",
        "name": "daraz",
        "price": 212,
      },
      Object {
        "__typename": "GetExpensesResult",
        "date": "2020-08-30T03:44:36.174Z",
        "description": "bought exposed",
        "name": "daraz",
        "price": 212,
      },
      Object {
        "__typename": "GetExpensesResult",
        "date": "2020-08-30T03:44:36.174Z",
        "description": "bought exposed",
        "name": "daraz",
        "price": 212,
      },
      Object {
        "__typename": "GetExpensesResult",
        "date": "2020-08-30T03:44:36.174Z",
        "description": "bought exposed",
        "name": "daraz",
        "price": 212,
      },
      Object {
        "__typename": "GetExpensesResult",
        "date": "2020-08-30T03:44:36.174Z",
        "description": "bought exposed",
        "name": "daraz",
        "price": 212,
      },
      Object {
        "__typename": "GetExpensesResult",
        "date": "2020-08-30T03:44:36.174Z",
        "description": "bought exposed",
        "name": "daraz",
        "price": 212,
      },
      Object {
        "__typename": "GetExpensesResult",
        "date": "2020-08-30T03:44:36.174Z",
        "description": "bought exposed",
        "name": "daraz",
        "price": 212,
      },
      Object {
        "__typename": "GetExpensesResult",
        "date": "2020-08-30T03:44:36.174Z",
        "description": "bought exposed",
        "name": "daraz",
        "price": 212,
      },
      Object {
        "__typename": "GetExpensesResult",
        "date": "2020-08-30T03:44:36.174Z",
        "description": "bought exposed",
        "name": "daraz",
        "price": 212,
      },
      Object {
        "__typename": "GetExpensesResult",
        "date": "2020-08-30T03:44:36.174Z",
        "description": "bought exposed",
        "name": "daraz",
        "price": 212,
      },
      Object {
        "__typename": "GetExpensesResult",
        "date": "2020-08-30T03:44:36.174Z",
        "description": "bought exposed",
        "name": "daraz",
        "price": 212,
      },
      Object {
        "__typename": "GetExpensesResult",
        "date": "2020-08-30T03:44:36.174Z",
        "description": "bought exposed",
        "name": "daraz",
        "price": 212,
      },
      Object {
        "__typename": "GetExpensesResult",
        "date": "2020-08-30T03:44:36.174Z",
        "description": "bought exposed",
        "name": "daraz",
        "price": 212,
      },
      Object {
        "__typename": "GetExpensesResult",
        "date": "2020-08-30T03:44:36.174Z",
        "description": "bought exposed",
        "name": "daraz",
        "price": 212,
      },
      Object {
        "__typename": "GetExpensesResult",
        "date": "2020-08-30T03:44:36.174Z",
        "description": "bought exposed",
        "name": "daraz",
        "price": 212,
      },
      Object {
        "__typename": "GetExpensesResult",
        "date": "2020-08-30T03:44:36.174Z",
        "description": "bought exposed",
        "name": "daraz",
        "price": 212,
      },
      Object {
        "__typename": "GetExpensesResult",
        "date": "2020-08-30T03:44:36.174Z",
        "description": "bought exposed",
        "name": "daraz",
        "price": 212,
      },
      Object {
        "__typename": "GetExpensesResult",
        "date": "2020-08-30T03:44:36.174Z",
        "description": "bought exposed",
        "name": "daraz",
        "price": 212,
      },
      Object {
        "__typename": "GetExpensesResult",
        "date": "2020-08-30T03:44:36.174Z",
        "description": "bought exposed",
        "name": "daraz",
        "price": 212,
      },
      Object {
        "__typename": "GetExpensesResult",
        "date": "2020-08-30T03:44:36.174Z",
        "description": "bought exposed",
        "name": "daraz",
        "price": 212,
      },
      Object {
        "__typename": "GetExpensesResult",
        "date": "2020-08-30T03:44:36.174Z",
        "description": "bought exposed",
        "name": "daraz",
        "price": 212,
      },
      Object {
        "__typename": "GetExpensesResult",
        "date": "2020-08-30T03:44:36.174Z",
        "description": "bought exposed",
        "name": "daraz",
        "price": 212,
      },
      Object {
        "__typename": "GetExpensesResult",
        "date": "2020-08-30T03:44:36.174Z",
        "description": "bought exposed",
        "name": "daraz",
        "price": 212,
      },
      Object {
        "__typename": "GetExpensesResult",
        "date": "2020-08-30T03:44:36.174Z",
        "description": "bought exposed",
        "name": "daraz",
        "price": 212,
      },
      Object {
        "__typename": "GetExpensesResult",
        "date": "2020-08-30T03:44:36.174Z",
        "description": "bought exposed",
        "name": "daraz",
        "price": 212,
      },
      Object {
        "__typename": "GetExpensesResult",
        "date": "2020-08-30T03:44:36.174Z",
        "description": "bought exposed",
        "name": "daraz",
        "price": 212,
      },
      Object {
        "__typename": "GetExpensesResult",
        "date": "2020-08-30T03:44:36.174Z",
        "description": "bought exposed",
        "name": "daraz",
        "price": 212,
      },
      Object {
        "__typename": "GetExpensesResult",
        "date": "2020-08-30T03:44:36.174Z",
        "description": "bought exposed",
        "name": "daraz",
        "price": 212,
      },
      Object {
        "__typename": "GetExpensesResult",
        "date": "2020-08-30T03:44:36.174Z",
        "description": "bought exposed",
        "name": "daraz",
        "price": 212,
      },
      Object {
        "__typename": "GetExpensesResult",
        "date": "2020-08-30T03:44:36.174Z",
        "description": "bought exposed",
        "name": "daraz",
        "price": 212,
      },
      Object {
        "__typename": "GetExpensesResult",
        "date": "2020-08-30T03:44:36.174Z",
        "description": "bought exposed",
        "name": "daraz",
        "price": 212,
      },
      Object {
        "__typename": "GetExpensesResult",
        "date": "2020-08-30T03:44:36.174Z",
        "description": "bought exposed",
        "name": "daraz",
        "price": 212,
      },
      Object {
        "__typename": "GetExpensesResult",
        "date": "2020-08-30T03:44:36.174Z",
        "description": "bought exposed",
        "name": "daraz",
        "price": 212,
      },
      Object {
        "__typename": "GetExpensesResult",
        "date": "2020-08-30T03:44:36.174Z",
        "description": "bought exposed",
        "name": "daraz",
        "price": 212,
      },
      Object {
        "__typename": "GetExpensesResult",
        "date": "2020-08-30T03:44:36.174Z",
        "description": "bought exposed",
        "name": "daraz",
        "price": 212,
      },
      Object {
        "__typename": "GetExpensesResult",
        "date": "2020-08-30T03:44:36.174Z",
        "description": "bought exposed",
        "name": "daraz",
        "price": 212,
      },
      Object {
        "__typename": "GetExpensesResult",
        "date": "2020-08-30T03:44:36.174Z",
        "description": "bought exposed",
        "name": "daraz",
        "price": 212,
      },
      Object {
        "__typename": "GetExpensesResult",
        "date": "2020-08-30T03:44:36.174Z",
        "description": "bought exposed",
        "name": "daraz",
        "price": 212,
      },
      Object {
        "__typename": "GetExpensesResult",
        "date": "2020-08-30T03:44:36.174Z",
        "description": "bought exposed",
        "name": "daraz",
        "price": 212,
      },
      Object {
        "__typename": "GetExpensesResult",
        "date": "2020-08-30T03:44:36.174Z",
        "description": "bought exposed",
        "name": "daraz",
        "price": 212,
      },
    ],
  },
}
`;
