// Jest Snapshot v1, https://goo.gl/fbAQLP

exports[`GetReports.ts should be data 1`] = `
Object {
  "data": Object {
    "getReports": Array [
      Object {
        "__typename": "getReportResult",
        "date": "2020-08-30T03:44:36.174Z",
        "patient_age": 18,
        "patient_id": 123,
        "patient_name": "alex",
        "patient_referedby": "dr",
        "patient_sex": "Male",
        "price": 323,
      },
      Object {
        "__typename": "getReportResult",
        "date": "2020-08-30T03:44:36.174Z",
        "patient_age": 18,
        "patient_id": 123,
        "patient_name": "alex",
        "patient_referedby": "dr",
        "patient_sex": "Male",
        "price": 323,
      },
      Object {
        "__typename": "getReportResult",
        "date": "2020-08-30T03:44:36.174Z",
        "patient_age": 18,
        "patient_id": 123,
        "patient_name": "alex",
        "patient_referedby": "dr",
        "patient_sex": "Male",
        "price": 323,
      },
      Object {
        "__typename": "getReportResult",
        "date": "2020-08-30T03:44:36.174Z",
        "patient_age": 18,
        "patient_id": 123,
        "patient_name": "alex",
        "patient_referedby": "dr",
        "patient_sex": "Male",
        "price": 323,
      },
      Object {
        "__typename": "getReportResult",
        "date": "2020-08-30T03:44:36.174Z",
        "patient_age": 18,
        "patient_id": 123,
        "patient_name": "alex",
        "patient_referedby": "dr",
        "patient_sex": "Male",
        "price": 323,
      },
      Object {
        "__typename": "getReportResult",
        "date": "2020-08-30T03:44:36.174Z",
        "patient_age": 18,
        "patient_id": 123,
        "patient_name": "alex",
        "patient_referedby": "dr",
        "patient_sex": "Male",
        "price": 323,
      },
      Object {
        "__typename": "getReportResult",
        "date": "2020-08-30T03:44:36.174Z",
        "patient_age": 18,
        "patient_id": 123,
        "patient_name": "alex",
        "patient_referedby": "dr",
        "patient_sex": "Male",
        "price": 323,
      },
      Object {
        "__typename": "getReportResult",
        "date": "2020-08-30T03:44:36.174Z",
        "patient_age": 18,
        "patient_id": 13,
        "patient_name": "alex",
        "patient_referedby": "dr",
        "patient_sex": "Male",
        "price": 323,
      },
      Object {
        "__typename": "getReportResult",
        "date": "2020-08-30T03:44:36.174Z",
        "patient_age": 18,
        "patient_id": 123,
        "patient_name": "alex",
        "patient_referedby": "dr",
        "patient_sex": "Male",
        "price": 323,
      },
      Object {
        "__typename": "getReportResult",
        "date": "2020-08-30T03:44:36.174Z",
        "patient_age": 18,
        "patient_id": 123,
        "patient_name": "alex",
        "patient_referedby": "dr",
        "patient_sex": "Male",
        "price": 323,
      },
      Object {
        "__typename": "getReportResult",
        "date": "2020-08-30T03:44:36.174Z",
        "patient_age": 18,
        "patient_id": 123,
        "patient_name": "alex",
        "patient_referedby": "dr",
        "patient_sex": "Male",
        "price": 323,
      },
      Object {
        "__typename": "getReportResult",
        "date": "2020-08-30T03:44:36.174Z",
        "patient_age": 18,
        "patient_id": 123,
        "patient_name": "alex",
        "patient_referedby": "dr",
        "patient_sex": "Male",
        "price": 323,
      },
      Object {
        "__typename": "getReportResult",
        "date": "2020-08-30T03:44:36.174Z",
        "patient_age": 18,
        "patient_id": 123,
        "patient_name": "alex",
        "patient_referedby": "dr",
        "patient_sex": "Male",
        "price": 323,
      },
      Object {
        "__typename": "getReportResult",
        "date": "2020-08-30T03:44:36.174Z",
        "patient_age": 18,
        "patient_id": 13,
        "patient_name": "alex",
        "patient_referedby": "dr",
        "patient_sex": "Male",
        "price": 323,
      },
      Object {
        "__typename": "getReportResult",
        "date": "2020-08-30T03:44:36.174Z",
        "patient_age": 18,
        "patient_id": 13,
        "patient_name": "alex",
        "patient_referedby": "dr",
        "patient_sex": "Male",
        "price": 323,
      },
      Object {
        "__typename": "getReportResult",
        "date": "2020-08-30T03:44:36.174Z",
        "patient_age": 18,
        "patient_id": 123,
        "patient_name": "alex",
        "patient_referedby": "dr",
        "patient_sex": "Male",
        "price": 323,
      },
      Object {
        "__typename": "getReportResult",
        "date": "2020-08-30T03:44:36.174Z",
        "patient_age": 18,
        "patient_id": 123,
        "patient_name": "alex",
        "patient_referedby": "dr",
        "patient_sex": "Male",
        "price": 323,
      },
      Object {
        "__typename": "getReportResult",
        "date": "2020-08-30T03:44:36.174Z",
        "patient_age": 18,
        "patient_id": 123,
        "patient_name": "alex",
        "patient_referedby": "dr",
        "patient_sex": "Male",
        "price": 323,
      },
      Object {
        "__typename": "getReportResult",
        "date": "2020-08-30T03:44:36.174Z",
        "patient_age": 18,
        "patient_id": 123,
        "patient_name": "alex",
        "patient_referedby": "dr",
        "patient_sex": "Male",
        "price": 323,
      },
      Object {
        "__typename": "getReportResult",
        "date": "2020-08-30T03:44:36.174Z",
        "patient_age": 18,
        "patient_id": 123,
        "patient_name": "alex",
        "patient_referedby": "dr",
        "patient_sex": "Male",
        "price": 323,
      },
      Object {
        "__typename": "getReportResult",
        "date": "2020-08-30T03:44:36.174Z",
        "patient_age": 18,
        "patient_id": 123,
        "patient_name": "alex",
        "patient_referedby": "dr",
        "patient_sex": "Male",
        "price": 323,
      },
      Object {
        "__typename": "getReportResult",
        "date": "2020-08-30T03:44:36.174Z",
        "patient_age": 18,
        "patient_id": 123,
        "patient_name": "alex",
        "patient_referedby": "dr",
        "patient_sex": "Male",
        "price": 323,
      },
      Object {
        "__typename": "getReportResult",
        "date": "2020-08-30T03:44:36.174Z",
        "patient_age": 18,
        "patient_id": 123,
        "patient_name": "alex",
        "patient_referedby": "dr",
        "patient_sex": "Male",
        "price": 323,
      },
      Object {
        "__typename": "getReportResult",
        "date": "2020-08-30T03:44:36.174Z",
        "patient_age": 18,
        "patient_id": 123,
        "patient_name": "alex",
        "patient_referedby": "dr",
        "patient_sex": "Male",
        "price": 323,
      },
      Object {
        "__typename": "getReportResult",
        "date": "2020-08-30T03:44:36.174Z",
        "patient_age": 18,
        "patient_id": 123,
        "patient_name": "alex",
        "patient_referedby": "dr",
        "patient_sex": "Male",
        "price": 323,
      },
      Object {
        "__typename": "getReportResult",
        "date": "2020-08-30T03:44:36.174Z",
        "patient_age": 18,
        "patient_id": 123,
        "patient_name": "alex",
        "patient_referedby": "dr",
        "patient_sex": "Male",
        "price": 323,
      },
      Object {
        "__typename": "getReportResult",
        "date": "2020-08-30T03:44:36.174Z",
        "patient_age": 18,
        "patient_id": 123,
        "patient_name": "alex",
        "patient_referedby": "dr",
        "patient_sex": "Male",
        "price": 323,
      },
      Object {
        "__typename": "getReportResult",
        "date": "2020-08-30T03:44:36.174Z",
        "patient_age": 18,
        "patient_id": 123,
        "patient_name": "alex",
        "patient_referedby": "dr",
        "patient_sex": "Male",
        "price": 323,
      },
      Object {
        "__typename": "getReportResult",
        "date": "2020-08-30T03:44:36.174Z",
        "patient_age": 18,
        "patient_id": 123,
        "patient_name": "alex",
        "patient_referedby": "dr",
        "patient_sex": "Male",
        "price": 323,
      },
      Object {
        "__typename": "getReportResult",
        "date": "2020-08-30T03:44:36.174Z",
        "patient_age": 18,
        "patient_id": 123,
        "patient_name": "alex",
        "patient_referedby": "dr",
        "patient_sex": "Male",
        "price": 323,
      },
      Object {
        "__typename": "getReportResult",
        "date": "2020-08-30T03:44:36.174Z",
        "patient_age": 18,
        "patient_id": 123,
        "patient_name": "alex",
        "patient_referedby": "dr",
        "patient_sex": "Male",
        "price": 323,
      },
      Object {
        "__typename": "getReportResult",
        "date": "2020-08-30T03:44:36.174Z",
        "patient_age": 18,
        "patient_id": 123,
        "patient_name": "alex",
        "patient_referedby": "dr",
        "patient_sex": "Male",
        "price": 323,
      },
      Object {
        "__typename": "getReportResult",
        "date": "2020-08-30T03:44:36.174Z",
        "patient_age": 18,
        "patient_id": 123,
        "patient_name": "alex",
        "patient_referedby": "dr",
        "patient_sex": "Male",
        "price": 323,
      },
      Object {
        "__typename": "getReportResult",
        "date": "2020-08-30T03:44:36.174Z",
        "patient_age": 18,
        "patient_id": 123,
        "patient_name": "alex",
        "patient_referedby": "dr",
        "patient_sex": "Male",
        "price": 323,
      },
      Object {
        "__typename": "getReportResult",
        "date": "2020-08-30T03:44:36.174Z",
        "patient_age": 18,
        "patient_id": 123,
        "patient_name": "alex",
        "patient_referedby": "dr",
        "patient_sex": "Male",
        "price": 323,
      },
      Object {
        "__typename": "getReportResult",
        "date": "2020-08-30T03:44:36.174Z",
        "patient_age": 18,
        "patient_id": 123,
        "patient_name": "alex",
        "patient_referedby": "dr",
        "patient_sex": "Male",
        "price": 323,
      },
      Object {
        "__typename": "getReportResult",
        "date": "2020-08-30T03:44:36.174Z",
        "patient_age": 18,
        "patient_id": 123,
        "patient_name": "alex",
        "patient_referedby": "dr",
        "patient_sex": "Male",
        "price": 323,
      },
      Object {
        "__typename": "getReportResult",
        "date": "2020-08-30T03:44:36.174Z",
        "patient_age": 18,
        "patient_id": 123,
        "patient_name": "alex",
        "patient_referedby": "dr",
        "patient_sex": "Male",
        "price": 323,
      },
      Object {
        "__typename": "getReportResult",
        "date": "2020-08-30T03:44:36.174Z",
        "patient_age": 18,
        "patient_id": 123,
        "patient_name": "alex",
        "patient_referedby": "dr",
        "patient_sex": "Male",
        "price": 323,
      },
      Object {
        "__typename": "getReportResult",
        "date": "2020-08-30T03:44:36.174Z",
        "patient_age": 18,
        "patient_id": 123,
        "patient_name": "alex",
        "patient_referedby": "dr",
        "patient_sex": "Male",
        "price": 323,
      },
      Object {
        "__typename": "getReportResult",
        "date": "2020-08-30T03:44:36.174Z",
        "patient_age": 18,
        "patient_id": 123,
        "patient_name": "alex",
        "patient_referedby": "dr",
        "patient_sex": "Male",
        "price": 323,
      },
      Object {
        "__typename": "getReportResult",
        "date": "2020-08-30T03:44:36.174Z",
        "patient_age": 18,
        "patient_id": 123,
        "patient_name": "alex",
        "patient_referedby": "dr",
        "patient_sex": "Male",
        "price": 323,
      },
      Object {
        "__typename": "getReportResult",
        "date": "2020-08-30T03:44:36.174Z",
        "patient_age": 18,
        "patient_id": 123,
        "patient_name": "alex",
        "patient_referedby": "dr",
        "patient_sex": "Male",
        "price": 323,
      },
      Object {
        "__typename": "getReportResult",
        "date": "2020-08-30T03:44:36.174Z",
        "patient_age": 18,
        "patient_id": 123,
        "patient_name": "alex",
        "patient_referedby": "dr",
        "patient_sex": "Male",
        "price": 323,
      },
    ],
  },
}
`;
